LTspice 24.1.5 for Windows
Circuit: C:\Users\Adrian\Desktop\LTSpice\Draft3.net
Start Time: Sat May  3 00:29:08 2025
solver = Normal
Maximum thread count: 8
tnom = 27
temp = 27
method = trap
Direct Newton iteration for .op point succeeded.
.step wiper=0
.step wiper=0.05
.step wiper=0.1
.step wiper=0.15
.step wiper=0.2
.step wiper=0.25
.step wiper=0.3
.step wiper=0.35
.step wiper=0.4
.step wiper=0.45
.step wiper=0.5
.step wiper=0.55
.step wiper=0.6
.step wiper=0.65
.step wiper=0.7
.step wiper=0.75
.step wiper=0.8
.step wiper=0.85
.step wiper=0.9
.step wiper=0.95
.step wiper=1
Total elapsed time: 0.322 seconds.

Files loaded:
C:\Users\Adrian\Desktop\LTSpice\Draft3.net
C:\Users\Adrian\AppData\Local\LTspice\lib\sub\opamp.sub
C:\Users\Adrian\Desktop\LTSpice\sub\pot.sub
C:\Users\Adrian\Desktop\LTSpice\potentiometer_standard.lib
C:\Users\Adrian\AppData\Local\LTspice\lib\sub\UniversalOpAmp1.lib


Measurement: BP_MAX
  step	MAX(mag(V(BP_1)))	FROM	TO
     1	(-0.0153865423955dB,0°)	1	100000
     2	(-0.0153865423955dB,0°)	1	100000
     3	(-0.0153865423955dB,0°)	1	100000
     4	(-0.0153865423955dB,0°)	1	100000
     5	(-0.0153865423955dB,0°)	1	100000
     6	(-0.0153865423955dB,0°)	1	100000
     7	(-0.0153865423955dB,0°)	1	100000
     8	(-0.0153865423955dB,0°)	1	100000
     9	(-0.0153865423955dB,0°)	1	100000
    10	(-0.0153865423955dB,0°)	1	100000
    11	(-0.0153865423955dB,0°)	1	100000
    12	(-0.0153865423955dB,0°)	1	100000
    13	(-0.0153865423955dB,0°)	1	100000
    14	(-0.0153865423955dB,0°)	1	100000
    15	(-0.0153865423955dB,0°)	1	100000
    16	(-0.0153865423955dB,0°)	1	100000
    17	(-0.0153865423955dB,0°)	1	100000
    18	(-0.0153865423955dB,0°)	1	100000
    19	(-0.0153865423955dB,0°)	1	100000
    20	(-0.0153865423955dB,0°)	1	100000
    21	(-0.0153865423955dB,0°)	1	100000

Measurement: freq3db
  step	V(BP_1)=BP_MAX*0.707
     1	1843.23434929
     2	1843.23434929
     3	1843.23434929
     4	1843.23434929
     5	1843.23434929
     6	1843.23434929
     7	1843.23434929
     8	1843.23434929
     9	1843.23434929
    10	1843.23434929
    11	1843.23434929
    12	1843.23434929
    13	1843.23434929
    14	1843.23434929
    15	1843.23434929
    16	1843.23434929
    17	1843.23434929
    18	1843.23434929
    19	1843.23434929
    20	1843.23434929
    21	1843.23434929
Measurement "LP_CUTOFF" FAIL'ed

Measurement: LP_MAX
  step	MAX(mag(V(LP)))	FROM	TO
     1	(15.5629786597dB,0°)	1	100000
     2	(15.5629786597dB,0°)	1	100000
     3	(15.5629786597dB,0°)	1	100000
     4	(15.5629786597dB,0°)	1	100000
     5	(15.5629786597dB,0°)	1	100000
     6	(15.5629786597dB,0°)	1	100000
     7	(15.5629786597dB,0°)	1	100000
     8	(15.5629786597dB,0°)	1	100000
     9	(15.5629786597dB,0°)	1	100000
    10	(15.5629786597dB,0°)	1	100000
    11	(15.5629786597dB,0°)	1	100000
    12	(15.5629786597dB,0°)	1	100000
    13	(15.5629786597dB,0°)	1	100000
    14	(15.5629786597dB,0°)	1	100000
    15	(15.5629786597dB,0°)	1	100000
    16	(15.5629786597dB,0°)	1	100000
    17	(15.5629786597dB,0°)	1	100000
    18	(15.5629786597dB,0°)	1	100000
    19	(15.5629786597dB,0°)	1	100000
    20	(15.5629786597dB,0°)	1	100000
    21	(15.5629786597dB,0°)	1	100000

Measurement: BP_RAW_MAX
  step	MAX(mag(V(BP_RAW)))	FROM	TO
     1	(-6.0359775952dB,0°)	1	100000
     2	(-6.0359775952dB,0°)	1	100000
     3	(-6.0359775952dB,0°)	1	100000
     4	(-6.0359775952dB,0°)	1	100000
     5	(-6.0359775952dB,0°)	1	100000
     6	(-6.0359775952dB,0°)	1	100000
     7	(-6.0359775952dB,0°)	1	100000
     8	(-6.0359775952dB,0°)	1	100000
     9	(-6.0359775952dB,0°)	1	100000
    10	(-6.0359775952dB,0°)	1	100000
    11	(-6.0359775952dB,0°)	1	100000
    12	(-6.0359775952dB,0°)	1	100000
    13	(-6.0359775952dB,0°)	1	100000
    14	(-6.0359775952dB,0°)	1	100000
    15	(-6.0359775952dB,0°)	1	100000
    16	(-6.0359775952dB,0°)	1	100000
    17	(-6.0359775952dB,0°)	1	100000
    18	(-6.0359775952dB,0°)	1	100000
    19	(-6.0359775952dB,0°)	1	100000
    20	(-6.0359775952dB,0°)	1	100000
    21	(-6.0359775952dB,0°)	1	100000

Measurement: BP_MAX_2
  step	MAX(mag(V(BP_2)))	FROM	TO
     1	(15.547599257dB,0°)	1	100000
     2	(15.547599257dB,0°)	1	100000
     3	(15.547599257dB,0°)	1	100000
     4	(15.547599257dB,0°)	1	100000
     5	(15.547599257dB,0°)	1	100000
     6	(15.547599257dB,0°)	1	100000
     7	(15.547599257dB,0°)	1	100000
     8	(15.547599257dB,0°)	1	100000
     9	(15.547599257dB,0°)	1	100000
    10	(15.547599257dB,0°)	1	100000
    11	(15.547599257dB,0°)	1	100000
    12	(15.547599257dB,0°)	1	100000
    13	(15.547599257dB,0°)	1	100000
    14	(15.547599257dB,0°)	1	100000
    15	(15.547599257dB,0°)	1	100000
    16	(15.547599257dB,0°)	1	100000
    17	(15.547599257dB,0°)	1	100000
    18	(15.547599257dB,0°)	1	100000
    19	(15.547599257dB,0°)	1	100000
    20	(15.547599257dB,0°)	1	100000
    21	(15.547599257dB,0°)	1	100000
